[clapat.ro/themes/grenada-wordpress/index.html]
[backblue.gif]
[fade.gif]
[index.html]
[clapat.ro/themes/grenada-wordpress/wp-includes/css/dist/block-library/style.min8e4f.css]
[clapat.ro/themes/grenada-wordpress/wp-content/plugins/contact-form-7/includes/css/styles4245.css]
[clapat.ro/themes/grenada-wordpress/wp-content/themes/grenada/css/portfolio8e4f.css]
[clapat.ro/themes/grenada-wordpress/feed/index.html]
[clapat.ro/themes/grenada-wordpress/wp-content/themes/grenada/css/packery8e4f.css]
[clapat.ro/themes/grenada-wordpress/comments/feed/index.html]
[clapat.ro/themes/grenada-wordpress/wp-content/themes/grenada/css/blog8e4f.css]
[clapat.ro/themes/grenada-wordpress/wp-content/themes/grenada/css/shortcodes8e4f.css]
[clapat.ro/themes/grenada-wordpress/wp-content/themes/grenada/css/assets8e4f.css]
[clapat.ro/themes/grenada-wordpress/wp-content/themes/grenada/style8e4f.css]
[clapat.ro/themes/grenada-wordpress/wp-content/themes/grenada/css/font-awesome.min8e4f.css]
[clapat.ro/themes/grenada-wordpress/wp-content/plugins/js_composer/assets/css/js_composer.mine23c.css]
[clapat.ro/themes/grenada-wordpress/wp-content/plugins/google-analytics-dashboard-for-wp/assets/js/frontend-gtag8ebc.js]
[clapat.ro/themes/grenada-wordpress/wp-includes/js/jquery/jquery.min9d52.js]
[clapat.ro/themes/grenada-wordpress/wp-includes/js/jquery/jquery-migrate.mind617.js]
[clapat.ro/themes/grenada-wordpress/wp-json/wp/v2/pages/1707.json]
[clapat.ro/themes/grenada-wordpress/wp-json/index.html]
[clapat.ro/themes/grenada-wordpress/xmlrpc0db0.php]
[clapat.ro/themes/grenada-wordpress/wp-includes/wlwmanifest.xml]
[clapat.ro/themes/grenada-wordpress/wp-content/themes/grenada/images/logo.png]
[clapat.ro/themes/grenada-wordpress/wp-content/themes/grenada/images/logo-white.png]
[clapat.ro/themes/grenada-wordpress/wp-includes/js/dist/vendor/wp-polyfill.min89b1.js]
[clapat.ro/themes/grenada-wordpress/centered-slider/index.html]
[clapat.ro/themes/grenada-wordpress/fullscreen-slider/index.html]
[clapat.ro/themes/grenada-wordpress/portfolio-grid/index.html]
[clapat.ro/themes/grenada-wordpress/fullscreen-menu/index.html]
[clapat.ro/themes/grenada-wordpress/wp-includes/js/dist/vendor/wp-polyfill-fetch.min6e0e.js]
[clapat.ro/themes/grenada-wordpress/about-2/index.html]
[clapat.ro/themes/grenada-wordpress/stories/index.html]
[clapat.ro/themes/grenada-wordpress/contact/index.html]
[clapat.ro/themes/grenada-wordpress/grenada_portfolio/sonya/index.html]
[clapat.ro/themes/grenada-wordpress/grenada_portfolio/novaroom/index.html]
[clapat.ro/themes/grenada-wordpress/grenada_portfolio/gold-man/index.html]
[clapat.ro/themes/grenada-wordpress/grenada_portfolio/born-wild/index.html]
[clapat.ro/themes/grenada-wordpress/wp-includes/js/dist/vendor/wp-polyfill-node-contains.min2e00.js]
[clapat.ro/themes/grenada-wordpress/grenada_portfolio/kitchen-options/index.html]
[clapat.ro/themes/grenada-wordpress/grenada_portfolio/baseball-game/index.html]
[clapat.ro/themes/grenada-wordpress/grenada_portfolio/the-biker/index.html]
[clapat.ro/themes/grenada-wordpress/wp-includes/js/dist/vendor/wp-polyfill-dom-rect.min2e00.js]
[clapat.ro/themes/grenada-wordpress/wp-includes/js/dist/vendor/wp-polyfill-url.min5aed.js]
[clapat.ro/themes/grenada-wordpress/wp-includes/js/dist/vendor/wp-polyfill-formdata.mine9bd.js]
[clapat.ro/themes/grenada-wordpress/wp-includes/js/dist/vendor/wp-polyfill-element-closest.min4c56.js]
[clapat.ro/themes/grenada-wordpress/wp-includes/js/dist/vendor/wp-polyfill-object-fit.min531b.js]
[clapat.ro/themes/grenada-wordpress/wp-content/plugins/contact-form-7/includes/js/index4245.js]
[clapat.ro/themes/grenada-wordpress/wp-includes/js/comment-reply.min8e4f.js]
[clapat.ro/themes/grenada-wordpress/wp-content/themes/grenada/js/modernizr8e4f.js]
[clapat.ro/themes/grenada-wordpress/wp-content/themes/grenada/js/jquery.flexnav.min8e4f.js]
[clapat.ro/themes/grenada-wordpress/wp-content/themes/grenada/js/jquery.waitforimages8e4f.js]
[clapat.ro/themes/grenada-wordpress/wp-content/themes/grenada/js/appear8e4f.js]
[clapat.ro/themes/grenada-wordpress/wp-content/themes/grenada/js/owl.carousel.min8e4f.js]
[clapat.ro/themes/grenada-wordpress/wp-content/themes/grenada/js/jquery.magnific-popup.min8e4f.js]
[clapat.ro/themes/grenada-wordpress/wp-content/themes/grenada/js/jquery.justifiedGallery8e4f.js]
[clapat.ro/themes/grenada-wordpress/wp-content/themes/grenada/js/isotope.pkgd8e4f.js]
[clapat.ro/themes/grenada-wordpress/wp-content/themes/grenada/js/packery-mode.pkgd8e4f.js]
[clapat.ro/themes/grenada-wordpress/wp-content/themes/grenada/js/fitthumbs8e4f.js]
[clapat.ro/themes/grenada-wordpress/wp-content/themes/grenada/js/jquery.scrollto.min8e4f.js]
[clapat.ro/themes/grenada-wordpress/wp-content/themes/grenada/js/tweenmax.min8e4f.js]
[clapat.ro/themes/grenada-wordpress/wp-content/themes/grenada/js/swiper.min8e4f.js]
[clapat.ro/themes/grenada-wordpress/wp-content/themes/grenada/js/scrollmagic.min8e4f.js]
[clapat.ro/themes/grenada-wordpress/wp-content/themes/grenada/js/animation.gsap.min8e4f.js]
[clapat.ro/themes/grenada-wordpress/wp-content/themes/grenada/js/smooth-scrollbar.min8e4f.js]
[clapat.ro/themes/grenada-wordpress/wp-content/themes/grenada/js/scripts8e4f.js]
[www.google.com/recaptcha/apib233.js]
[clapat.ro/themes/grenada-wordpress/wp-content/plugins/contact-form-7/modules/recaptcha/index4245.js]
[clapat.ro/themes/grenada-wordpress/wp-includes/js/wp-embed.min8e4f.js]
[clapat.ro/themes/grenada-wordpress/index.html]
[clapat.ro/themes/grenada-wordpress/wp-includes/css/dist/block-library/style.min8e4f.css]
[clapat.ro/themes/grenada-wordpress/wp-content/plugins/contact-form-7/includes/css/styles4245.css]
[clapat.ro/themes/grenada-wordpress/wp-content/themes/grenada/css/portfolio8e4f.css]
[clapat.ro/themes/grenada-wordpress/wp-content/themes/grenada/css/packery8e4f.css]
[clapat.ro/themes/grenada-wordpress/wp-content/themes/grenada/css/blog8e4f.css]
[clapat.ro/themes/grenada-wordpress/wp-content/themes/grenada/css/shortcodes8e4f.css]
[clapat.ro/themes/grenada-wordpress/wp-content/themes/grenada/css/assets8e4f.css]
[clapat.ro/themes/grenada-wordpress/wp-content/themes/grenada/images/rotate.png]
[clapat.ro/themes/grenada-wordpress/wp-content/themes/grenada/style8e4f.css]
[clapat.ro/themes/grenada-wordpress/wp-content/themes/grenada/fonts/fontawesome-webfont3e6e.eot]
[clapat.ro/themes/grenada-wordpress/wp-content/themes/grenada/fonts/fontawesome-webfont3e6e.woff2]
[clapat.ro/themes/grenada-wordpress/wp-content/themes/grenada/fonts/fontawesome-webfontd41d.eot]
[clapat.ro/themes/grenada-wordpress/wp-content/themes/grenada/css/font-awesome.min8e4f.css]
[clapat.ro/themes/grenada-wordpress/wp-content/themes/grenada/fonts/fontawesome-webfont3e6e.woff]
[clapat.ro/themes/grenada-wordpress/wp-content/plugins/js_composer/assets/vc/alert.png]
[clapat.ro/themes/grenada-wordpress/wp-content/plugins/js_composer/assets/vc/info.png]
[clapat.ro/themes/grenada-wordpress/wp-content/plugins/js_composer/assets/vc/tick.png]
[clapat.ro/themes/grenada-wordpress/wp-content/plugins/js_composer/assets/vc/exclamation.png]
[clapat.ro/themes/grenada-wordpress/wp-content/plugins/js_composer/assets/images/icons/address-book.png]
[clapat.ro/themes/grenada-wordpress/wp-content/themes/grenada/fonts/fontawesome-webfont3e6e.svg]
[clapat.ro/themes/grenada-wordpress/wp-content/plugins/js_composer/assets/images/icons/alarm-clock.png]
[clapat.ro/themes/grenada-wordpress/wp-content/plugins/js_composer/assets/images/icons/anchor.png]
[clapat.ro/themes/grenada-wordpress/wp-content/plugins/js_composer/assets/images/icons/application-image.png]
[clapat.ro/themes/grenada-wordpress/wp-content/plugins/js_composer/assets/images/icons/arrow.png]
[clapat.ro/themes/grenada-wordpress/wp-content/plugins/js_composer/assets/images/icons/asterisk.png]
[clapat.ro/themes/grenada-wordpress/wp-content/plugins/js_composer/assets/images/icons/auction-hammer.png]
[clapat.ro/themes/grenada-wordpress/wp-content/plugins/js_composer/assets/images/icons/balloon.png]
[clapat.ro/themes/grenada-wordpress/wp-content/plugins/js_composer/assets/images/icons/balloon-buzz.png]
[clapat.ro/themes/grenada-wordpress/wp-content/themes/grenada/fonts/fontawesome-webfont3e6e.ttf]
[clapat.ro/themes/grenada-wordpress/wp-content/plugins/js_composer/assets/images/icons/balloon-facebook.png]
[clapat.ro/themes/grenada-wordpress/wp-content/plugins/js_composer/assets/images/icons/balloon-twitter.png]
[clapat.ro/themes/grenada-wordpress/wp-content/plugins/js_composer/assets/images/icons/battery-full.png]
[clapat.ro/themes/grenada-wordpress/wp-content/plugins/js_composer/assets/images/icons/binocular.png]
[clapat.ro/themes/grenada-wordpress/wp-content/plugins/js_composer/assets/images/icons/blue-document-excel.png]
[clapat.ro/themes/grenada-wordpress/wp-content/plugins/js_composer/assets/images/icons/blue-document-image.png]
[clapat.ro/themes/grenada-wordpress/wp-content/plugins/js_composer/assets/images/icons/blue-document-music.png]
[clapat.ro/themes/grenada-wordpress/wp-content/plugins/js_composer/assets/images/icons/blue-document-office.png]
[clapat.ro/themes/grenada-wordpress/wp-content/plugins/js_composer/assets/images/icons/blue-document-pdf.png]
[clapat.ro/themes/grenada-wordpress/wp-content/plugins/js_composer/assets/images/icons/blue-document-powerpoint.png]
[clapat.ro/themes/grenada-wordpress/wp-content/plugins/js_composer/assets/images/icons/blue-document-word.png]
[clapat.ro/themes/grenada-wordpress/wp-content/plugins/js_composer/assets/images/icons/bookmark.png]
[clapat.ro/themes/grenada-wordpress/wp-content/plugins/js_composer/assets/images/icons/camcorder.png]
[clapat.ro/themes/grenada-wordpress/wp-content/plugins/js_composer/assets/images/icons/camera.png]
[clapat.ro/themes/grenada-wordpress/wp-content/plugins/js_composer/assets/images/icons/chart.png]
[clapat.ro/themes/grenada-wordpress/wp-content/plugins/js_composer/assets/images/icons/chart-pie.png]
[clapat.ro/themes/grenada-wordpress/wp-content/plugins/js_composer/assets/images/icons/clock.png]
[clapat.ro/themes/grenada-wordpress/wp-content/plugins/js_composer/assets/images/icons/control.png]
[clapat.ro/themes/grenada-wordpress/wp-content/plugins/js_composer/assets/images/icons/fire.png]
[clapat.ro/themes/grenada-wordpress/wp-content/plugins/js_composer/assets/images/icons/heart.png]
[clapat.ro/themes/grenada-wordpress/wp-content/plugins/js_composer/assets/images/icons/mail.png]
[clapat.ro/themes/grenada-wordpress/wp-content/plugins/js_composer/assets/images/icons/plus-shield.png]
[clapat.ro/themes/grenada-wordpress/wp-content/plugins/js_composer/assets/images/icons/video.png]
[clapat.ro/themes/grenada-wordpress/wp-content/plugins/js_composer/assets/fonts/vc_icons_v2/fonts/vcpb-plugin-iconsb82a.eot]
[clapat.ro/themes/grenada-wordpress/wp-content/plugins/js_composer/assets/fonts/vc_icons_v2/fonts/vcpb-plugin-iconsb82a.ttf]
[clapat.ro/themes/grenada-wordpress/wp-content/plugins/js_composer/assets/fonts/vc_icons_v2/fonts/vcpb-plugin-iconsb82a.woff]
[clapat.ro/themes/grenada-wordpress/wp-content/plugins/js_composer/assets/fonts/vc_icons_v2/fonts/vcpb-plugin-iconsb82a.svg]
[clapat.ro/themes/grenada-wordpress/wp-content/plugins/js_composer/assets/images/toggle_open.png]
[clapat.ro/themes/grenada-wordpress/wp-content/plugins/js_composer/assets/images/toggle_close.png]
[clapat.ro/themes/grenada-wordpress/wp-content/plugins/js_composer/assets/images/flickr.png]
[clapat.ro/themes/grenada-wordpress/wp-content/plugins/js_composer/assets/vc/blur.svg]
[clapat.ro/themes/grenada-wordpress/wp-content/plugins/js_composer/assets/fonts/vc_grid/vc_grid_v157a1.eot]
[clapat.ro/themes/grenada-wordpress/wp-content/plugins/js_composer/assets/fonts/vc_grid/vc_grid_v1d41d.eot]
[clapat.ro/themes/grenada-wordpress/wp-content/plugins/js_composer/assets/fonts/vc_grid/vc_grid_v157a1.woff]
[clapat.ro/themes/grenada-wordpress/wp-content/plugins/js_composer/assets/fonts/vc_grid/vc_grid_v157a1.ttf]
[clapat.ro/themes/grenada-wordpress/wp-content/plugins/js_composer/assets/fonts/vc_grid/vc_grid_v157a1.svg]
[clapat.ro/themes/grenada-wordpress/wp-content/plugins/js_composer/assets/images/spinner.gif]
[clapat.ro/themes/grenada-wordpress/wp-content/plugins/js_composer/assets/vc/remove.png]
[clapat.ro/themes/grenada-wordpress/wp-content/plugins/js_composer/assets/css/js_composer.mine23c.css]
[clapat.ro/themes/grenada-wordpress/wp-content/uploads/bws-custom-code/bws-custom-codea305.css]
[clapat.ro/themes/grenada-wordpress/wp-content/plugins/google-analytics-dashboard-for-wp/assets/js/frontend-gtag8ebc.js]
[clapat.ro/themes/grenada-wordpress/wp-includes/js/jquery/jquery.min9d52.js]
[clapat.ro/themes/grenada-wordpress/wp-includes/js/jquery/jquery-migrate.mind617.js]
[clapat.ro/themes/grenada-wordpress/wp-json/oembed/1.0/embedcbf5.html]
[clapat.ro/themes/grenada-wordpress/wp-json/oembed/1.0/embedb66a.html]
[clapat.ro/themes/grenada-wordpress/index2c2f.html]
[clapat.ro/themes/grenada-wordpress/wp-json/oembed/1.0/embedf805.json]
[clapat.ro/themes/grenada-wordpress/centered-slider/index.html]
[clapat.ro/themes/grenada-wordpress/fullscreen-slider/index.html]
[clapat.ro/themes/grenada-wordpress/wp-json/oembed/1.0/embed9598.json]
[clapat.ro/themes/grenada-wordpress/portfolio-grid/index.html]
[clapat.ro/themes/grenada-wordpress/wp-json/oembed/1.0/embedfee8.json]
[clapat.ro/themes/grenada-wordpress/fullscreen-menu/index.html]
[clapat.ro/themes/grenada-wordpress/wp-json/wp/v2/pages/1731.json]
[clapat.ro/themes/grenada-wordpress/wp-json/oembed/1.0/embed0911.json]
[clapat.ro/themes/grenada-wordpress/wp-content/uploads/2018/10/client-01.png]
[clapat.ro/themes/grenada-wordpress/wp-content/uploads/2018/10/client-02.png]
[clapat.ro/themes/grenada-wordpress/wp-content/uploads/2018/10/client-03.png]
[clapat.ro/themes/grenada-wordpress/wp-content/uploads/2018/10/client-04.png]
[clapat.ro/themes/grenada-wordpress/wp-content/uploads/2018/10/client-05.png]
[clapat.ro/themes/grenada-wordpress/wp-content/uploads/2018/10/client-06.png]
[clapat.ro/themes/grenada-wordpress/wp-content/uploads/2018/10/client-07.png]
[clapat.ro/themes/grenada-wordpress/wp-content/uploads/2018/10/client-08.png]
[clapat.ro/themes/grenada-wordpress/wp-content/plugins/js_composer/assets/js/dist/js_composer_front.mine23c.js]
[clapat.ro/themes/grenada-wordpress/about-2/index.html]
[clapat.ro/themes/grenada-wordpress/wp-json/wp/v2/pages/1757.json]
[clapat.ro/themes/grenada-wordpress/wp-json/oembed/1.0/embed78ff.json]
[clapat.ro/themes/grenada-wordpress/wp-content/uploads/2018/10/r01.jpg]
[clapat.ro/themes/grenada-wordpress/category/design/index.html]
[clapat.ro/themes/grenada-wordpress/category/free/index.html]
[clapat.ro/themes/grenada-wordpress/stories/index.html]
[clapat.ro/themes/grenada-wordpress/category/product/index.html]
[clapat.ro/themes/grenada-wordpress/category/tech/index.html]
[clapat.ro/themes/grenada-wordpress/category/template/index.html]
[clapat.ro/themes/grenada-wordpress/category/uncategorized/index.html]
[clapat.ro/themes/grenada-wordpress/tag/clapat/index.html]
[clapat.ro/themes/grenada-wordpress/category/whiteboards/index.html]
[clapat.ro/themes/grenada-wordpress/tag/design/index.html]
[clapat.ro/themes/grenada-wordpress/tag/desktop/index.html]
[clapat.ro/themes/grenada-wordpress/tag/furniture/index.html]
[clapat.ro/themes/grenada-wordpress/tag/human/index.html]
[clapat.ro/themes/grenada-wordpress/tag/interface/index.html]
[clapat.ro/themes/grenada-wordpress/tag/layout/index.html]
[clapat.ro/themes/grenada-wordpress/wp-json/wp/v2/pages/1752.json]
[clapat.ro/themes/grenada-wordpress/tag/letters/index.html]
[clapat.ro/themes/grenada-wordpress/tag/lipsum/index.html]
[clapat.ro/themes/grenada-wordpress/tag/office/index.html]
[clapat.ro/themes/grenada-wordpress/tag/portfolio/index.html]
[clapat.ro/themes/grenada-wordpress/tag/psd/index.html]
[clapat.ro/themes/grenada-wordpress/tag/showcase/index.html]
[clapat.ro/themes/grenada-wordpress/tag/tech/index.html]
[clapat.ro/themes/grenada-wordpress/tag/web/index.html]
[clapat.ro/themes/grenada-wordpress/tag/write/index.html]
[clapat.ro/themes/grenada-wordpress/2018/10/11/the-ultimate-guide-to-proper-use-of-animation/index.html]
[clapat.ro/themes/grenada-wordpress/wp-json/oembed/1.0/embedaed5.json]
[clapat.ro/themes/grenada-wordpress/2018/10/11/basic-principles-of-responsive-web-design/index.html]
[clapat.ro/themes/grenada-wordpress/2018/10/11/a-model-is-only-as-good-as-its-story/index.html]
[clapat.ro/themes/grenada-wordpress/2018/10/11/what-is-a-good-website/index.html]
[clapat.ro/themes/grenada-wordpress/2018/10/11/designing-a-place-for-designers/index.html]
[clapat.ro/themes/grenada-wordpress/stories/page/2/index.html]
[clapat.ro/themes/grenada-wordpress/2018/10/11/a-brief-history-of-the-numeric-keypad/index.html]
[clapat.ro/themes/grenada-wordpress/contact/index.html]
[clapat.ro/themes/grenada-wordpress/wp-json/oembed/1.0/embedaef7]
[clapat.ro/themes/grenada-wordpress/wp-content/uploads/2018/10/01hero.jpg]
[clapat.ro/themes/grenada-wordpress/wp-content/uploads/2018/10/ss01.jpg]
[clapat.ro/themes/grenada-wordpress/wp-content/uploads/2018/10/ss05.jpg]
[clapat.ro/themes/grenada-wordpress/wp-content/uploads/2018/10/ss04.jpg]
[clapat.ro/themes/grenada-wordpress/wp-content/uploads/2018/10/ss03.jpg]
[clapat.ro/themes/grenada-wordpress/wp-content/uploads/2018/10/ss02.jpg]
[clapat.ro/themes/grenada-wordpress/wp-content/uploads/2018/10/02hero.jpg]
[clapat.ro/themes/grenada-wordpress/grenada_portfolio/sonya/index.html]
[clapat.ro/themes/grenada-wordpress/wp-json/oembed/1.0/embed21bc.json]
[clapat.ro/themes/grenada-wordpress/wp-content/uploads/2018/10/nr01.jpg]
[clapat.ro/themes/grenada-wordpress/wp-content/uploads/2018/10/nr02.jpg]
[clapat.ro/themes/grenada-wordpress/wp-content/uploads/2018/10/nr03.jpg]
[clapat.ro/themes/grenada-wordpress/wp-content/uploads/2018/10/nr04.jpg]
[clapat.ro/themes/grenada-wordpress/wp-content/uploads/2018/10/nr05.jpg]
[clapat.ro/themes/grenada-wordpress/wp-content/uploads/2018/10/03hero.jpg]
[clapat.ro/themes/grenada-wordpress/grenada_portfolio/novaroom/index.html]
[clapat.ro/themes/grenada-wordpress/wp-json/oembed/1.0/embed978f.json]
[clapat.ro/themes/grenada-wordpress/wp-content/uploads/2018/10/04hero.jpg]
[clapat.ro/themes/grenada-wordpress/grenada_portfolio/gold-man/index.html]
[clapat.ro/themes/grenada-wordpress/wp-json/oembed/1.0/embed0bc6]
[clapat.ro/themes/grenada-wordpress/wp-content/uploads/2018/10/bw01.jpg]
[clapat.ro/themes/grenada-wordpress/wp-content/uploads/2018/10/bw03.jpg]
[clapat.ro/themes/grenada-wordpress/wp-content/uploads/2018/10/bw02.jpg]
[clapat.ro/themes/grenada-wordpress/wp-content/uploads/2018/10/bw05.jpg]
[clapat.ro/themes/grenada-wordpress/wp-content/uploads/2018/10/bw04.jpg]
[clapat.ro/themes/grenada-wordpress/wp-content/uploads/2018/10/05hero.jpg]
[clapat.ro/themes/grenada-wordpress/grenada_portfolio/born-wild/index.html]
[clapat.ro/themes/grenada-wordpress/wp-json/wp/v2/grenada_portfolio/1728.json]
[clapat.ro/themes/grenada-wordpress/wp-json/oembed/1.0/embeda9c4.json]
[clapat.ro/themes/grenada-wordpress/wp-content/uploads/2018/10/ko04.jpg]
[clapat.ro/themes/grenada-wordpress/wp-content/uploads/2018/10/ko03.jpg]
[clapat.ro/themes/grenada-wordpress/wp-content/uploads/2018/10/ko02.jpg]
[clapat.ro/themes/grenada-wordpress/wp-content/uploads/2018/10/ko05.jpg]
[clapat.ro/themes/grenada-wordpress/wp-content/uploads/2018/10/ko01.jpg]
[clapat.ro/themes/grenada-wordpress/wp-content/uploads/2018/10/06hero.jpg]
[clapat.ro/themes/grenada-wordpress/grenada_portfolio/kitchen-options/index.html]
[clapat.ro/themes/grenada-wordpress/wp-json/wp/v2/grenada_portfolio/1729.json]
[clapat.ro/themes/grenada-wordpress/wp-content/uploads/2018/10/bb01.jpg]
[clapat.ro/themes/grenada-wordpress/wp-content/uploads/2018/10/bb02.jpg]
[clapat.ro/themes/grenada-wordpress/wp-content/uploads/2018/10/bb03.jpg]
[clapat.ro/themes/grenada-wordpress/wp-content/uploads/2018/10/bb04.jpg]
[clapat.ro/themes/grenada-wordpress/wp-content/uploads/2018/10/bb05.jpg]
[clapat.ro/themes/grenada-wordpress/wp-content/uploads/2018/10/bb06.jpg]
[clapat.ro/themes/grenada-wordpress/wp-content/uploads/2018/10/bb07.jpg]
[clapat.ro/themes/grenada-wordpress/wp-content/uploads/2018/10/bb08.jpg]
[clapat.ro/themes/grenada-wordpress/wp-content/uploads/2018/10/bb09.jpg]
[clapat.ro/themes/grenada-wordpress/wp-content/uploads/2018/10/bb10.jpg]
[clapat.ro/themes/grenada-wordpress/wp-content/uploads/2018/10/bb11.jpg]
[clapat.ro/themes/grenada-wordpress/wp-content/uploads/2018/10/bb12.jpg]
[clapat.ro/themes/grenada-wordpress/wp-content/uploads/2018/10/bb13.jpg]
[clapat.ro/themes/grenada-wordpress/wp-content/uploads/2018/10/07hero.jpg]
[clapat.ro/themes/grenada-wordpress/grenada_portfolio/baseball-game/index.html]
[clapat.ro/themes/grenada-wordpress/wp-json/oembed/1.0/embed18af.json]
[clapat.ro/themes/grenada-wordpress/wp-content/uploads/2018/10/mb01.jpg]
[clapat.ro/themes/grenada-wordpress/wp-content/uploads/2018/10/mb02.jpg]
[clapat.ro/themes/grenada-wordpress/wp-content/uploads/2018/10/mb03.jpg]
[clapat.ro/themes/grenada-wordpress/wp-content/uploads/2018/10/mb04.jpg]
[clapat.ro/themes/grenada-wordpress/wp-content/uploads/2018/10/mb05.jpg]
[clapat.ro/themes/grenada-wordpress/wp-content/uploads/2018/10/mb06.jpg]
[clapat.ro/themes/grenada-wordpress/grenada_portfolio/the-biker/index.html]
[clapat.ro/themes/grenada-wordpress/wp-includes/js/dist/vendor/wp-polyfill.min89b1.js]
[clapat.ro/themes/grenada-wordpress/wp-includes/js/dist/vendor/wp-polyfill-fetch.min6e0e.js]
[clapat.ro/themes/grenada-wordpress/wp-includes/js/dist/vendor/wp-polyfill-node-contains.min2e00.js]
[clapat.ro/themes/grenada-wordpress/wp-includes/js/dist/vendor/wp-polyfill-dom-rect.min2e00.js]
[clapat.ro/themes/grenada-wordpress/wp-includes/js/dist/vendor/wp-polyfill-url.min5aed.js]
[clapat.ro/themes/grenada-wordpress/wp-includes/js/dist/vendor/wp-polyfill-formdata.mine9bd.js]
[clapat.ro/themes/grenada-wordpress/wp-includes/js/dist/vendor/wp-polyfill-element-closest.min4c56.js]
[clapat.ro/themes/grenada-wordpress/wp-includes/js/dist/vendor/wp-polyfill-object-fit.min531b.js]
[clapat.ro/themes/grenada-wordpress/wp-content/plugins/contact-form-7/includes/js/index4245.js]
[clapat.ro/themes/grenada-wordpress/wp-includes/js/comment-reply.min8e4f.js]
[clapat.ro/themes/grenada-wordpress/wp-content/themes/grenada/js/modernizr8e4f.js]
[clapat.ro/themes/grenada-wordpress/wp-content/themes/grenada/js/jquery.flexnav.min8e4f.js]
[clapat.ro/themes/grenada-wordpress/wp-content/themes/grenada/js/jquery.waitforimages8e4f.js]
[clapat.ro/themes/grenada-wordpress/wp-content/themes/grenada/js/appear8e4f.js]
[clapat.ro/themes/grenada-wordpress/wp-content/themes/grenada/js/owl.carousel.min8e4f.js]
[clapat.ro/themes/grenada-wordpress/wp-content/themes/grenada/js/jquery.magnific-popup.min8e4f.js]
[clapat.ro/themes/grenada-wordpress/wp-content/themes/grenada/js/jquery.justifiedGallery8e4f.js]
[clapat.ro/themes/grenada-wordpress/wp-content/themes/grenada/js/isotope.pkgd8e4f.js]
[clapat.ro/themes/grenada-wordpress/wp-content/themes/grenada/js/packery-mode.pkgd8e4f.js]
[clapat.ro/themes/grenada-wordpress/wp-content/themes/grenada/js/fitthumbs8e4f.js]
[clapat.ro/themes/grenada-wordpress/wp-content/themes/grenada/js/jquery.scrollto.min8e4f.js]
[clapat.ro/themes/grenada-wordpress/wp-content/themes/grenada/js/tweenmax.min8e4f.js]
[clapat.ro/themes/grenada-wordpress/wp-content/themes/grenada/js/swiper.min8e4f.js]
[clapat.ro/themes/grenada-wordpress/wp-content/themes/grenada/js/scrollmagic.min8e4f.js]
[clapat.ro/themes/grenada-wordpress/wp-content/themes/grenada/js/animation.gsap.min8e4f.js]
[clapat.ro/themes/grenada-wordpress/wp-content/themes/grenada/js/smooth-scrollbar.min8e4f.js]
[clapat.ro/themes/grenada-wordpress/wp-content/themes/grenada/js/scripts8e4f.js]
[clapat.ro/themes/grenada-wordpress/wp-content/plugins/contact-form-7/modules/recaptcha/index4245.js]
[clapat.ro/themes/grenada-wordpress/wp-includes/js/wp-embed.min8e4f.js]
[clapat.ro/themes/grenada-wordpress/wp-content/themes/grenada/css/owl.video.play.html]
[clapat.ro/themes/grenada-wordpress/wp-content/themes/grenada/fonts/fontawesome-webfont3e6e.svg]
[clapat.ro/themes/grenada-wordpress/wp-content/plugins/js_composer/assets/fonts/vc_icons_v2/fonts/vcpb-plugin-iconsb82a.svg]
[clapat.ro/themes/grenada-wordpress/wp-content/plugins/js_composer/assets/vc/blur.svg]
[clapat.ro/themes/grenada-wordpress/wp-content/plugins/js_composer/assets/fonts/vc_grid/vc_grid_v157a1.svg]
[clapat.ro/themes/grenada-wordpress/wp-json/wp/v2/pages/1711.html]
[clapat.ro/themes/grenada-wordpress/indexd900.html]
[clapat.ro/themes/grenada-wordpress/wp-json/oembed/1.0/embede120.html]
[clapat.ro/themes/grenada-wordpress/indexf601.html]
[clapat.ro/themes/grenada-wordpress/wp-json/wp/v2/pages/1713.html]
[clapat.ro/themes/grenada-wordpress/index0d4d.html]
[clapat.ro/themes/grenada-wordpress/wp-json/oembed/1.0/embeda79f.html]
[clapat.ro/themes/grenada-wordpress/wp-json/oembed/1.0/embed3ba2.html]
[clapat.ro/themes/grenada-wordpress/index793b.html]
[clapat.ro/themes/grenada-wordpress/wp-json/wp/v2/pages/1954.html]
[clapat.ro/themes/grenada-wordpress/index80d7.html]
[clapat.ro/themes/grenada-wordpress/wp-json/oembed/1.0/embed88a1.html]
[clapat.ro/themes/grenada-wordpress/index6ec7.html]
[clapat.ro/themes/grenada-wordpress/wp-json/wp/v2/pages/1933.html]
[clapat.ro/themes/grenada-wordpress/index1350.html]
[clapat.ro/themes/grenada-wordpress/wp-json/oembed/1.0/embedb03d.html]
[clapat.ro/themes/grenada-wordpress/index7137.html]
[clapat.ro/themes/grenada-wordpress/index31bd.html]
[clapat.ro/themes/grenada-wordpress/wp-json/oembed/1.0/embed2d42.html]
[clapat.ro/themes/grenada-wordpress/indexda85.html]
[apis.google.com/js/plusone.js]
[clapat.ro/themes/grenada-wordpress/wp-content/plugins/js_composer/assets/js/dist/js_composer_front.mine23c.js]
[assets.pinterest.com/js/pinit.js]
[clapat.ro/themes/grenada-wordpress/indexdbcb.html]
[clapat.ro/themes/grenada-wordpress/wp-json/oembed/1.0/embed17c9.html]
[clapat.ro/themes/grenada-wordpress/indexd5ec.html]
[clapat.ro/themes/grenada-wordpress/category/design/feed/index.html]
[clapat.ro/themes/grenada-wordpress/category/design/index.html]
[clapat.ro/themes/grenada-wordpress/category/free/index.html]
[clapat.ro/themes/grenada-wordpress/category/free/feed/index.html]
[clapat.ro/themes/grenada-wordpress/category/product/index.html]
[clapat.ro/themes/grenada-wordpress/category/product/feed/index.html]
[clapat.ro/themes/grenada-wordpress/category/tech/index.html]
[clapat.ro/themes/grenada-wordpress/category/tech/feed/index.html]
[clapat.ro/themes/grenada-wordpress/category/template/index.html]
[clapat.ro/themes/grenada-wordpress/category/template/feed/index.html]
[clapat.ro/themes/grenada-wordpress/category/uncategorized/index.html]
[clapat.ro/themes/grenada-wordpress/category/uncategorized/feed/index.html]
[clapat.ro/themes/grenada-wordpress/category/whiteboards/index.html]
[clapat.ro/themes/grenada-wordpress/category/whiteboards/feed/index.html]
[clapat.ro/themes/grenada-wordpress/2018/10/10/hello-world/index.html]
[clapat.ro/themes/grenada-wordpress/tag/clapat/feed/index.html]
[clapat.ro/themes/grenada-wordpress/wp-json/wp/v2/tags/203.json]
[clapat.ro/themes/grenada-wordpress/tag/clapat/index.html]
[clapat.ro/themes/grenada-wordpress/wp-json/wp/v2/tags/194.json]
[clapat.ro/themes/grenada-wordpress/tag/design/index.html]
[clapat.ro/themes/grenada-wordpress/tag/design/feed/index.html]
[clapat.ro/themes/grenada-wordpress/wp-json/wp/v2/tags/213.json]
[clapat.ro/themes/grenada-wordpress/tag/desktop/index.html]
[clapat.ro/themes/grenada-wordpress/tag/desktop/feed/index.html]
[clapat.ro/themes/grenada-wordpress/tag/furniture/index.html]
[clapat.ro/themes/grenada-wordpress/tag/furniture/feed/index.html]
[clapat.ro/themes/grenada-wordpress/wp-json/wp/v2/tags/210.json]
[clapat.ro/themes/grenada-wordpress/tag/human/index.html]
[clapat.ro/themes/grenada-wordpress/tag/human/feed/index.html]
[clapat.ro/themes/grenada-wordpress/tag/interface/index.html]
[clapat.ro/themes/grenada-wordpress/tag/interface/feed/index.html]
[clapat.ro/themes/grenada-wordpress/wp-json/wp/v2/tags/206.json]
[clapat.ro/themes/grenada-wordpress/tag/layout/index.html]
[clapat.ro/themes/grenada-wordpress/tag/layout/feed/index.html]
[clapat.ro/themes/grenada-wordpress/wp-json/wp/v2/tags/209.json]
[clapat.ro/themes/grenada-wordpress/tag/letters/index.html]
[clapat.ro/themes/grenada-wordpress/tag/letters/feed/index.html]
[clapat.ro/themes/grenada-wordpress/wp-json/wp/v2/tags/214.json]
[clapat.ro/themes/grenada-wordpress/tag/lipsum/index.html]
[clapat.ro/themes/grenada-wordpress/tag/lipsum/feed/index.html]
[clapat.ro/themes/grenada-wordpress/wp-json/wp/v2/tags/207.json]
[clapat.ro/themes/grenada-wordpress/tag/office/index.html]
[clapat.ro/themes/grenada-wordpress/tag/office/feed/index.html]
[clapat.ro/themes/grenada-wordpress/wp-json/wp/v2/tags/197.json]
[clapat.ro/themes/grenada-wordpress/tag/portfolio/index.html]
[clapat.ro/themes/grenada-wordpress/tag/portfolio/feed/index.html]
[clapat.ro/themes/grenada-wordpress/wp-json/wp/v2/tags/198.json]
[clapat.ro/themes/grenada-wordpress/tag/psd/index.html]
[clapat.ro/themes/grenada-wordpress/tag/psd/feed/index.html]
[clapat.ro/themes/grenada-wordpress/wp-json/wp/v2/tags/199.json]
[clapat.ro/themes/grenada-wordpress/tag/showcase/index.html]
[clapat.ro/themes/grenada-wordpress/tag/showcase/feed/index.html]
[clapat.ro/themes/grenada-wordpress/wp-json/wp/v2/tags/212.json]
[clapat.ro/themes/grenada-wordpress/tag/tech/index.html]
[clapat.ro/themes/grenada-wordpress/tag/tech/feed/index.html]
[clapat.ro/themes/grenada-wordpress/wp-json/wp/v2/tags/205.json]
[clapat.ro/themes/grenada-wordpress/tag/web/index.html]
[clapat.ro/themes/grenada-wordpress/tag/web/feed/index.html]
[clapat.ro/themes/grenada-wordpress/wp-json/wp/v2/tags/204.json]
[clapat.ro/themes/grenada-wordpress/tag/write/index.html]
[clapat.ro/themes/grenada-wordpress/tag/write/feed/index.html]
[clapat.ro/themes/grenada-wordpress/wp-json/wp/v2/posts/1903.json]
[clapat.ro/themes/grenada-wordpress/2018/10/11/basic-principles-of-responsive-web-design/feed/index.html]
[clapat.ro/themes/grenada-wordpress/wp-json/oembed/1.0/embedd526]
[clapat.ro/themes/grenada-wordpress/wp-content/plugins/google-captcha/css/gglcptchf66d.css]
[clapat.ro/themes/grenada-wordpress/author/boucagci/index.html]
[clapat.ro/themes/grenada-wordpress/2018/10/11/basic-principles-of-responsive-web-design/index2636.html]
[www.google.com/recaptcha/api1b05.js]
[clapat.ro/themes/grenada-wordpress/2018/10/11/basic-principles-of-responsive-web-design/indexc916.html]
[clapat.ro/themes/grenada-wordpress/wp-content/plugins/google-captcha/js/scriptf66d.js]
[clapat.ro/themes/grenada-wordpress/2018/10/11/basic-principles-of-responsive-web-design/index.html]
[clapat.ro/themes/grenada-wordpress/wp-json/wp/v2/posts/1898.json]
[clapat.ro/themes/grenada-wordpress/2018/10/11/the-ultimate-guide-to-proper-use-of-animation/feed/index.html]
[clapat.ro/themes/grenada-wordpress/2018/10/11/the-ultimate-guide-to-proper-use-of-animation/index.html]
[clapat.ro/themes/grenada-wordpress/wp-json/wp/v2/posts/1894.json]
[clapat.ro/themes/grenada-wordpress/2018/10/11/the-ultimate-guide-to-proper-use-of-animation/indexbed3.html]
[clapat.ro/themes/grenada-wordpress/2018/10/11/the-ultimate-guide-to-proper-use-of-animation/indexb901.html]
[clapat.ro/themes/grenada-wordpress/2018/10/11/a-model-is-only-as-good-as-its-story/feed/index.html]
[clapat.ro/themes/grenada-wordpress/wp-json/oembed/1.0/embed3da8.json]
[clapat.ro/themes/grenada-wordpress/2018/10/11/a-model-is-only-as-good-as-its-story/index.html]
[clapat.ro/themes/grenada-wordpress/2018/10/11/a-model-is-only-as-good-as-its-story/index3d09.html]
[clapat.ro/themes/grenada-wordpress/2018/10/11/a-model-is-only-as-good-as-its-story/index61aa.html]
[clapat.ro/themes/grenada-wordpress/wp-json/wp/v2/posts/1892.json]
[clapat.ro/themes/grenada-wordpress/2018/10/11/what-is-a-good-website/feed/index.html]
[clapat.ro/themes/grenada-wordpress/2018/10/11/what-is-a-good-website/index.html]
[clapat.ro/themes/grenada-wordpress/2018/10/11/what-is-a-good-website/index5785.html]
[clapat.ro/themes/grenada-wordpress/wp-json/wp/v2/posts/1890.fb.delayed]
[clapat.ro/themes/grenada-wordpress/2018/10/11/what-is-a-good-website/index5cd6.html]
[clapat.ro/themes/grenada-wordpress/2018/10/11/designing-a-place-for-designers/feed/index.html]
[clapat.ro/themes/grenada-wordpress/2018/10/11/designing-a-place-for-designers/index.html]
[clapat.ro/themes/grenada-wordpress/wp-json/wp/v2/posts/1887.json]
[clapat.ro/themes/grenada-wordpress/2018/10/11/designing-a-place-for-designers/index0a88.html]
[clapat.ro/themes/grenada-wordpress/2018/10/11/designing-a-place-for-designers/indexf73b.html]
[clapat.ro/themes/grenada-wordpress/2018/10/11/a-brief-history-of-the-numeric-keypad/feed/index.html]
[clapat.ro/themes/grenada-wordpress/2018/10/11/a-brief-history-of-the-numeric-keypad/index.html]
[clapat.ro/themes/grenada-wordpress/stories/page/2/index.html]
[clapat.ro/themes/grenada-wordpress/2018/10/11/a-brief-history-of-the-numeric-keypad/index39ab.html]
[clapat.ro/themes/grenada-wordpress/index6371.html]
[clapat.ro/themes/grenada-wordpress/wp-json/oembed/1.0/embed9d68.html]
[clapat.ro/themes/grenada-wordpress/index7664.html]
[clapat.ro/themes/grenada-wordpress/wp-json/wp/v2/grenada_portfolio/1709.html]
[clapat.ro/themes/grenada-wordpress/indexea45.html]
[clapat.ro/themes/grenada-wordpress/wp-json/oembed/1.0/embed8a21.html]
[clapat.ro/themes/grenada-wordpress/index5c97.html]
[clapat.ro/themes/grenada-wordpress/wp-json/wp/v2/grenada_portfolio/1719.html]
[clapat.ro/themes/grenada-wordpress/index8042.html]
[clapat.ro/themes/grenada-wordpress/wp-json/oembed/1.0/embed75af.html]
[clapat.ro/themes/grenada-wordpress/index2a23.html]
[clapat.ro/themes/grenada-wordpress/wp-json/wp/v2/grenada_portfolio/1721.html]
[clapat.ro/themes/grenada-wordpress/index6ccc.html]
[clapat.ro/themes/grenada-wordpress/wp-json/oembed/1.0/embed7346.html]
[clapat.ro/themes/grenada-wordpress/wp-json/wp/v2/grenada_portfolio/1727.html]
[clapat.ro/themes/grenada-wordpress/indexbda9.html]
[clapat.ro/themes/grenada-wordpress/wp-json/oembed/1.0/embed32e1.html]
[clapat.ro/themes/grenada-wordpress/index3ac4.html]
[clapat.ro/themes/grenada-wordpress/wp-json/oembed/1.0/embed81ee.html]
[clapat.ro/themes/grenada-wordpress/indexd4c9.html]
[clapat.ro/themes/grenada-wordpress/index1bad.html]
[clapat.ro/themes/grenada-wordpress/wp-json/oembed/1.0/embed6654.html]
[clapat.ro/themes/grenada-wordpress/wp-json/oembed/1.0/embed924c.html]
[clapat.ro/themes/grenada-wordpress/indexa719.html]
[clapat.ro/themes/grenada-wordpress/wp-json/wp/v2/grenada_portfolio/1730.html]
[clapat.ro/themes/grenada-wordpress/index7418.html]
[clapat.ro/themes/grenada-wordpress/wp-json/oembed/1.0/embed26e0.html]
[clapat.ro/themes/grenada-wordpress/index210c.html]
[clapat.ro/themes/TweenLite.min.html]
[clapat.ro/themes/grenada-wordpress/Version/index.html]
[clapat.ro/themes/grenada-wordpress/version/index-2.html]
[clapat.ro/themes/grenada-wordpress/images/marker.html]
[clapat.ro/themes/grenada-wordpress/wp-json/wp/v2/categories/191.html]
[clapat.ro/themes/grenada-wordpress/indexa8cb.html]
[clapat.ro/themes/grenada-wordpress/wp-json/wp/v2/categories/192.html]
[clapat.ro/themes/grenada-wordpress/indexc3fa.html]
[clapat.ro/themes/grenada-wordpress/wp-json/wp/v2/categories/201.html]
[clapat.ro/themes/grenada-wordpress/index6726.html]
[clapat.ro/themes/grenada-wordpress/wp-json/wp/v2/categories/200.html]
[clapat.ro/themes/grenada-wordpress/indexad0b.html]
[clapat.ro/themes/grenada-wordpress/wp-json/wp/v2/categories/193.html]
[clapat.ro/themes/grenada-wordpress/indexc514.html]
[clapat.ro/themes/grenada-wordpress/wp-json/wp/v2/categories/1.html]
[clapat.ro/themes/grenada-wordpress/index7eee.html]
[clapat.ro/themes/grenada-wordpress/2018/10/11/a-brief-history-of-the-numeric-keypad/index9e16.html]
[clapat.ro/themes/grenada-wordpress/2018/10/10/hello-world/feed/index.html]
[clapat.ro/themes/grenada-wordpress/2018/10/10/hello-world/index.html]
[clapat.ro/themes/grenada-wordpress/wp-json/wp/v2/categories/202.html]
[clapat.ro/themes/grenada-wordpress/indexaa70.html]
[clapat.ro/themes/grenada-wordpress/indexbd83.html]
[clapat.ro/themes/grenada-wordpress/index8df1.html]
[clapat.ro/themes/grenada-wordpress/index60f4.html]
[clapat.ro/themes/grenada-wordpress/wp-json/wp/v2/tags/208.html]
[clapat.ro/themes/grenada-wordpress/indexdcbf.html]
[clapat.ro/themes/grenada-wordpress/index1dfd.html]
[clapat.ro/themes/grenada-wordpress/wp-json/wp/v2/tags/211.html]
[clapat.ro/themes/grenada-wordpress/index8f04.html]
[clapat.ro/themes/grenada-wordpress/indexb9ff.html]
[clapat.ro/themes/grenada-wordpress/index66ab.html]
[clapat.ro/themes/grenada-wordpress/indexa5b6.html]
[clapat.ro/themes/grenada-wordpress/index6036.html]
[clapat.ro/themes/grenada-wordpress/indexf317.html]
[clapat.ro/themes/grenada-wordpress/index4b2f.html]
[clapat.ro/themes/grenada-wordpress/indexe305.html]
[clapat.ro/themes/grenada-wordpress/index0833.html]
[clapat.ro/themes/grenada-wordpress/index377e.html]
[clapat.ro/themes/grenada-wordpress/indexcf8f.html]
[clapat.ro/themes/grenada-wordpress/index9af6.html]
[clapat.ro/themes/grenada-wordpress/wp-json/oembed/1.0/embedc283.html]
[clapat.ro/themes/grenada-wordpress/indexa613.html]
[clapat.ro/themes/grenada-wordpress/2018/10/10/hello-world/indexb621.html]
[clapat.ro/themes/grenada-wordpress/author/boucagci/feed/index.html]
[clapat.ro/themes/grenada-wordpress/author/boucagci/index.html]
[clapat.ro/themes/grenada-wordpress/2018/10/11/basic-principles-of-responsive-web-design/index2636.html]
[clapat.ro/themes/grenada-wordpress/author/boucagci/page/2/index.html]
[clapat.ro/themes/grenada-wordpress/2018/10/11/basic-principles-of-responsive-web-design/indexc916.html]
[clapat.ro/themes/grenada-wordpress/wp-content/plugins/google-captcha/css/gglcptchf66d.css]
[clapat.ro/themes/grenada-wordpress/wp-content/plugins/google-captcha/css/hide_badgef66d.css]
[clapat.ro/themes/grenada-wordpress/wp-content/plugins/google-captcha/js/scriptf66d.js]
[clapat.ro/themes/grenada-wordpress/index3bad.html]
[clapat.ro/themes/grenada-wordpress/wp-json/oembed/1.0/embed14f7.html]
[clapat.ro/themes/grenada-wordpress/wp-json/oembed/1.0/embeda830.html]
[clapat.ro/themes/grenada-wordpress/index6406.html]
[clapat.ro/themes/grenada-wordpress/2018/10/11/the-ultimate-guide-to-proper-use-of-animation/indexb901.html]
[clapat.ro/themes/grenada-wordpress/2018/10/11/the-ultimate-guide-to-proper-use-of-animation/indexbed3.html]
[clapat.ro/themes/grenada-wordpress/indexff0e.html]
[clapat.ro/themes/grenada-wordpress/wp-json/oembed/1.0/embed2807.html]
[clapat.ro/themes/grenada-wordpress/indexe2a4.html]
[clapat.ro/themes/grenada-wordpress/2018/10/11/a-model-is-only-as-good-as-its-story/index3d09.html]
[clapat.ro/themes/grenada-wordpress/2018/10/11/a-model-is-only-as-good-as-its-story/index61aa.html]
[clapat.ro/themes/grenada-wordpress/indexcfde.html]
[clapat.ro/themes/grenada-wordpress/wp-json/oembed/1.0/embedf7ad.html]
[clapat.ro/themes/grenada-wordpress/wp-json/oembed/1.0/embeda99d.html]
[clapat.ro/themes/grenada-wordpress/indexfdbc.html]
[clapat.ro/themes/grenada-wordpress/2018/10/11/what-is-a-good-website/index5cd6.html]
[clapat.ro/themes/grenada-wordpress/2018/10/11/what-is-a-good-website/index5785.html]
[clapat.ro/themes/grenada-wordpress/index6867.html]
[clapat.ro/themes/grenada-wordpress/wp-json/oembed/1.0/embedb518.html]
[clapat.ro/themes/grenada-wordpress/wp-json/oembed/1.0/embed41c6.html]
[clapat.ro/themes/grenada-wordpress/index60b5.html]
[clapat.ro/themes/grenada-wordpress/2018/10/11/designing-a-place-for-designers/index0a88.html]
[clapat.ro/themes/grenada-wordpress/2018/10/11/designing-a-place-for-designers/indexf73b.html]
[clapat.ro/themes/grenada-wordpress/index4452.html]
[clapat.ro/themes/grenada-wordpress/wp-json/oembed/1.0/embed4ed3.html]
[clapat.ro/themes/grenada-wordpress/wp-json/oembed/1.0/embeda3a7.html]
[clapat.ro/themes/grenada-wordpress/indexb834.html]
[clapat.ro/themes/grenada-wordpress/2018/10/11/a-brief-history-of-the-numeric-keypad/index39ab.html]
[clapat.ro/themes/grenada-wordpress/2018/10/11/a-brief-history-of-the-numeric-keypad/index9e16.html]
[clapat.ro/themes/grenada-wordpress/index4baa.html]
[clapat.ro/themes/grenada-wordpress/wp-json/wp/v2/posts/1899.html]
[clapat.ro/themes/grenada-wordpress/indexc016.html]
[clapat.ro/themes/grenada-wordpress/wp-json/oembed/1.0/embed97b7.html]
[clapat.ro/themes/grenada-wordpress/wp-json/oembed/1.0/embed269c.html]
[clapat.ro/themes/grenada-wordpress/index8bee.html]
[clapat.ro/themes/grenada-wordpress/2018/10/10/hello-world/indexb621.html]
[clapat.ro/themes/grenada-wordpress/wp-json/wp/v2/users/1.html]
[clapat.ro/themes/grenada-wordpress/index8435.html]
[clapat.ro/themes/grenada-wordpress/author/boucagci/page/2/index.html]
[clapat.ro/themes/grenada-wordpress/index7df2.html]
[clapat.ro/themes/grenada-wordpress/index1cb3.html]
[clapat.ro/themes/grenada-wordpress/index0d19.html]
[clapat.ro/themes/grenada-wordpress/index9f1e.html]
[clapat.ro/themes/grenada-wordpress/index8ed6.html]
[clapat.ro/themes/grenada-wordpress/indexf1a8.html]
[clapat.ro/themes/grenada-wordpress/indexa21c.html]
[clapat.ro/themes/grenada-wordpress/index0df1.html]
[clapat.ro/themes/grenada-wordpress/indexb0e7.html]
[clapat.ro/themes/grenada-wordpress/index748a.html]
[clapat.ro/themes/grenada-wordpress/index3768.html]
[clapat.ro/themes/grenada-wordpress/indexd8cc.html]
[clapat.ro/themes/grenada-wordpress/index6e05.html]
[clapat.ro/themes/grenada-wordpress/index8949.html]
